// Jest Snapshot v1, https://goo.gl/fbAQLP

exports[`Test Quote Components Should match snapshot 1`] = `
<div
  className="container text-component padding-y-lg"
  data-testid="quote"
>
  <h4>
    Mathematics is not about numbers,equations,computations,or algorithms: its about understanding.
    <cite>
      - William Paul Thurston.
    </cite>
  </h4>
</div>
`;
